RAM Allocation [bytes]
Variable                                                                          Address   Size
------------------------------------------------------------------------------------------------
glcd_state                                                                        0x0299      29
len                                                                               0x02B6       2
words                                                                             0x02B8      32
lenh                                                                              0x02D8       1
lenl                                                                              0x02D9       1
tx_buffer                                                                         0x02DA      32
tx_wr_index                                                                       0x02FA       1
tx_rd_index                                                                       0x02FB       1
tx_counter                                                                        0x02FC       1
ks0108_coord                                                                      0x02FD       3
_seed                                                                             0x0300       4

EEPROM Allocation [bytes]
Variable                                                                          Address   Size
------------------------------------------------------------------------------------------------

Register Allocation
Variable                                                                          Register  Size
------------------------------------------------------------------------------------------------
key1                                                                              R4,R5        2
key2                                                                              R6,R7        2
t                                                                                 R8,R9        2
i                                                                                 R10,R11      2
flag                                                                              R12,R13      2

FLASH Allocation [words]
Function                                                                          Address   Size
------------------------------------------------------------------------------------------------
usart_tx_isr                                                                      0x001D2     36
putchar                                                                           0x001F6     41
Feshode_SHodane_Kelid                                                             0x0021F     99
sent                                                                              0x00282     67
exq                                                                               0x002C5    298
main                                                                              0x003EF     80
ks0108_enable_G100                                                                0x0043F      4
ks0108_disable_G100                                                               0x00443      4
ks0108_rdbus_G100                                                                 0x00447      7
ks0108_busy_G100                                                                  0x0044E     24
ks0108_wrcmd_G100                                                                 0x00466      6
ks0108_setloc_G100                                                                0x0046C     18
ks0108_gotoxp_G100                                                                0x0047E     16
ks0108_nextx_G100                                                                 0x0048E     21
ks0108_wrdata_G100                                                                0x004A3      9
ks0108_rddata_G100                                                                0x004AC      9
ks0108_rdbyte_G100                                                                0x004B5     11
glcd_init                                                                         0x004C0    101
glcd_clear                                                                        0x00525     38
ks0108_wrmasked_G100                                                              0x0054B     59
glcd_block                                                                        0x00586    477
glcd_clipx                                                                        0x00763     21
glcd_clipy                                                                        0x00778     21
glcd_getcharw_G101                                                                0x0078D    111
glcd_new_line_G101                                                                0x007FC     20
glcd_putchar                                                                      0x00810     98
glcd_outtextxy                                                                    0x00872     21
glcd_moveto                                                                       0x00887     13
put_buff_G103                                                                     0x00894     63
_print_G103                                                                       0x008D3    308
sprintf                                                                           0x00A07     52
memset                                                                            0x00A3B     16
strcat                                                                            0x00A4B     17
strlen                                                                            0x00A5C     12
strlenf                                                                           0x00A68     13
glcd_getmask                                                                      0x00A75     11
glcd_mappixcolor1bit                                                              0x00A80     40
glcd_readmem                                                                      0x00AA8     31
glcd_writemem                                                                     0x00AC7     31
